C51 COMPILER V7.08   DELAY                                                                 10/06/2015 13:28:29 PAGE 1   


C51 COMPILER V7.08, COMPILATION OF MODULE DELAY
OBJECT MODULE PLACED IN C:\New Folder (27)\delay.obj
COMPILER INVOKED BY: C:\Keil2\C51\BIN\C51.EXE delay.c BROWSE DEBUG OBJECTEXTEND OBJECT(C:\New Folder (27)\delay.obj)

line level    source

   1          #include"types.h"
   2          
   3          void delay(u16 dly)
   4          {
   5   1      u8 j;
   6   1      for(;dly>0;dly--)
   7   1      {
   8   2      for(j=255;j>0;j--);
   9   2      for(j=232;j>0;j--);
  10   2      }
  11   1      }


MODULE INFORMATION:   STATIC OVERLAYABLE
   CODE SIZE        =     25    ----
   CONSTANT SIZE    =   ----    ----
   XDATA SIZE       =   ----    ----
   PDATA SIZE       =   ----    ----
   DATA SIZE        =   ----    ----
   IDATA SIZE       =   ----    ----
   BIT SIZE         =   ----    ----
END OF MODULE INFORMATION.


C51 COMPILATION COMPLETE.  0 WARNING(S),  0 ERROR(S)
