C51 COMPILER V7.08   LCD4                                                                  09/28/2015 13:19:39 PAGE 1   


C51 COMPILER V7.08, COMPILATION OF MODULE LCD4
OBJECT MODULE PLACED IN C:\ISP\lcd4.obj
COMPILER INVOKED BY: C:\Keil2\C51\BIN\C51.EXE lcd4.c BROWSE DEBUG OBJECTEXTEND OBJECT(C:\ISP\lcd4.obj)

line level    source

   1          #include<reg51.h>
   2          #include"types.h"
   3          #include"delay.h"
   4          
   5          bit flag;
   6          
   7          sbit d7=P0^0;
   8          sbit d6=P0^1;
   9          sbit d5=P0^2;
  10          sbit d4=P0^3;
  11          
  12          sbit rs=P2^0;
  13          sbit rw=P2^1;
  14          sbit en=P2^2;
  15          
  16          void lcd_write(u8 val)
  17          {
  18   1      if(flag==0)
  19   1      rs=0;
  20   1      
  21   1      else
  22   1      rs=1;
  23   1      
  24   1      rw=0;
  25   1      ///////////////////////////////////
  26   1      d7=(val&0x80)?1:0;
  27   1      d6=(val&0x40)?1:0;
  28   1      d5=(val&0x20)?1:0;
  29   1      d4=(val&0x10)?1:0;
  30   1      en=1;
  31   1      en=0;
  32   1      
  33   1      
  34   1      d7=(val&0x08)?1:0;
  35   1      d6=(val&0x04)?1:0;
  36   1      d5=(val&0x02)?1:0;
  37   1      d4=(val&0x01)?1:0;
  38   1      en=1;
  39   1      en=0;
  40   1      //////////////////////////////////
  41   1      delay(2);
  42   1      }
  43          
  44          void lcd_char(u8 ch)
  45          {
  46   1      //rs=1;
  47   1      flag=1;
  48   1      lcd_write(ch);
  49   1      }
  50          
  51          void lcd_cmd(u8 val)
  52          {
  53   1      //rs=0;
  54   1      flag=0;
  55   1      lcd_write(val);
C51 COMPILER V7.08   LCD4                                                                  09/28/2015 13:19:39 PAGE 2   

  56   1      }
  57          
  58          void lcd_init(void)
  59          {                                                                                                         
             -                                                                                                                        
             -                                                                                                                  
  60   1      lcd_cmd(0x01);
  61   1      lcd_cmd(0x02);
  62   1      lcd_cmd(0x06);
  63   1      lcd_cmd(0x0f);
  64   1      lcd_cmd(0x28);
  65   1      lcd_cmd(0x80);
  66   1      }
  67          
  68          void lcd_int(u16 no)
  69          {
  70   1      s8 i;
  71   1      u8 a[5]={0};
  72   1      if(no==0)
  73   1      lcd_char('0');
  74   1      
  75   1      for(i=0;i<5;i++)
  76   1      {
  77   2      a[i]=(no%10)+48;
  78   2      no/=10;
  79   2      }
  80   1      for(--i;i>=0;i--)
  81   1      {
  82   2      lcd_char(a[i]);
  83   2      }
  84   1      }
  85          
  86          void lcd_float(float f)
  87          {
  88   1      u16 t;
  89   1      t=f;
  90   1      lcd_int(t);
  91   1      lcd_char('.');
  92   1      f-=t;
  93   1      f*=100;
  94   1      t=f;
  95   1      lcd_int(t);
  96   1      }


MODULE INFORMATION:   STATIC OVERLAYABLE
   CODE SIZE        =    353    ----
   CONSTANT SIZE    =      5    ----
   XDATA SIZE       =   ----    ----
   PDATA SIZE       =   ----    ----
   DATA SIZE        =   ----      14
   IDATA SIZE       =   ----    ----
   BIT SIZE         =      1    ----
END OF MODULE INFORMATION.


C51 COMPILATION COMPLETE.  0 WARNING(S),  0 ERROR(S)
