C51 COMPILER V7.08   MAIN                                                                  10/06/2015 13:28:29 PAGE 1   


C51 COMPILER V7.08, COMPILATION OF MODULE MAIN
OBJECT MODULE PLACED IN C:\New Folder (27)\main.obj
COMPILER INVOKED BY: C:\Keil2\C51\BIN\C51.EXE main.c BROWSE DEBUG OBJECTEXTEND OBJECT(C:\New Folder (27)\main.obj)

line level    source

   1          #include"types.h"
   2          #include<reg51.h>
   3          #include"uart.h"
   4          #include"delay.h"
   5          #include"i2c.h"
   6          #include<stdio.h>
   7          
   8          code u8 *day[]={"monday","tuesday","wednesday","thursday","friday","saturday","sunday"};
   9          
  10          u16 BCD2DEC(u16);
  11          
  12          void edit(void);
  13          
  14          
  15          u16 time[3];
  16          u16 date[3];
  17          
  18          main()
  19          {
  20   1      u16 d;
  21   1      u16 a;
  22   1      
  23   1      init_uart();
  24   1      
  25   1      a=2;
  26   1      TI=1;
  27   1      printf("abcd\n");
  28   1      printf("%0.2d:%0.2d:%0.2d",a,a,a);
  29   1      TI=0;
  30   1      
  31   1      i2c_write(0xd0,0x00,0x20);
  32   1      i2c_write(0xd0,0x01,0x20);
  33   1      i2c_write(0xd0,0x02,0x01);
  34   1      i2c_write(0xd0,0x03,0x01);
  35   1      i2c_write(0xd0,0x04,0x01);
  36   1      i2c_write(0xd0,0x05,0x01);
  37   1      i2c_write(0xd0,0x06,0x15);
  38   1      i2c_write(0xd0,0x07,0x11);
  39   1      
  40   1      
  41   1      while(1)
  42   1      {
  43   2      uart_tx(0x0c);
  44   2      
  45   2      //////////////////////EDIT////////////////
  46   2      if(RI==1)
  47   2      edit();
  48   2      //////////////////////////////////////////
  49   2      
  50   2      
  51   2      ///////////TIME///////////////////////
  52   2      time[0]=i2c_read(0xd0,0x00);
  53   2      time[0]=BCD2DEC(time[0]);
  54   2      
  55   2      
C51 COMPILER V7.08   MAIN                                                                  10/06/2015 13:28:29 PAGE 2   

  56   2      time[1]=i2c_read(0xd0,0x01);
  57   2      time[1]=BCD2DEC(time[1]);
  58   2      
  59   2      time[2]=i2c_read(0xd0,0x02);
  60   2      time[2]=BCD2DEC(time[2]);
  61   2      ////////////////////////////////////
  62   2      
  63   2      //////////DATE///////////////////////
  64   2      date[0]=i2c_read(0xd0,0x04);
  65   2      date[0]=BCD2DEC(date[0]);
  66   2      
  67   2      date[1]=i2c_read(0xd0,0x05);
  68   2      date[1]=BCD2DEC(date[1]);
  69   2      
  70   2      date[2]=i2c_read(0xd0,0x06);
  71   2      date[2]=BCD2DEC(date[2]);
  72   2      /////////////////////////////////////
  73   2      
  74   2      /////////DAY.///////////////////////
  75   2      d=i2c_read(0xd0,0x03);
  76   2      ////////////////////////////////////
  77   2      TI=1;
  78   2      printf("HH:MM:SS   DD:MM:YY   DAY\n");
  79   2      //str_tx("HH:MM:SS   DD:MM:YY   DAY\n");
  80   2      //printf("%0.2bx:%0.2bx:%0.2bx   %0.2bx:%0.2bx:%0.2bx   ",time[2],time[1],time[0],date[0],date[1],date[2])
             -;
  81   2      //printf("%d:%d:%d   %d:%d:%d   ",time[2],time[1],time[0],date[0],date[1],date[2]);
  82   2      printf("%0.2d:%0.2d:%0.2d   %0.2d:%0.2d:%0.2d   ",time[2],time[1],time[0],date[0],date[1],date[2]);
  83   2      printf("%s\n",day[d-1]);
  84   2      TI=0;
  85   2      delay(1000);
  86   2      }
  87   1      }
  88          
  89          u16 BCD2DEC(u16 dat)
  90          {
  91   1      u16 res=0;
  92   1      res=((dat/16)*10)+(dat%16);
  93   1      return res;
  94   1      }
  95          
  96          void edit(void)
  97          {
  98   1      u16 s;
  99   1      u8 ch=0;
 100   1      RI=0;
 101   1      //ch=SBUF;
 102   1      TI=1;
 103   1      //printf("%c",ch);
 104   1      TI=0;
 105   1      //if((ch=='E')||(ch=='e'))
 106   1      //{
 107   1      TI=1;
 108   1      printf("enter the option to edit:-");
 109   1      printf("h:hour\nm:min\ns:sec\nd:date\nn:month\ny:year\na:day\n");
 110   1      printf("enter your option:");
 111   1      TI=0;
 112   1      scanf("%c",&ch);
 113   1      while(RI==0);
 114   1      
 115   1      switch(ch)
 116   1      {
C51 COMPILER V7.08   MAIN                                                                  10/06/2015 13:28:29 PAGE 3   

 117   2      case 'h':
 118   2                      TI=1;
 119   2                      printf("enter current hour:");
 120   2                      
 121   2                      scanf("%d",&time[2]);
 122   2             s=(time[2]/10)*16+time[2]%10;
 123   2              TI=0;
 124   2                      i2c_write(0xd0,0x02,s);
 125   2                      break;
 126   2      case 'm':
 127   2                      TI=1;
 128   2                      printf("enter current minute:");
 129   2                      
 130   2                      scanf("%d",&time[1]);
 131   2              s=(time[1]/10)*16+time[1]%10;
 132   2                      TI=0;
 133   2                      i2c_write(0xd0,0x01,s);
 134   2                      break;
 135   2      case 's':
 136   2                      TI=1;
 137   2                      printf("enter current second:");
 138   2                      
 139   2                      scanf("%d",&time[0]);
 140   2      s=(time[0]/10)*16+time[0]%10;
 141   2                      TI=0;
 142   2                      i2c_write(0xd0,0x01,s);
 143   2                      break;
 144   2      case 'd':
 145   2                      TI=1;
 146   2                      printf("enter current date:");
 147   2                      
 148   2                      scanf("%d",&date[0]);
 149   2                      TI=0;
 150   2                      i2c_write(0xd0,0x04,date[0]);
 151   2                      break; 
 152   2      case 'n':
 153   2                      TI=1;
 154   2                      printf("enter current month:");
 155   2              
 156   2                      scanf("%d",&date[1]);
 157   2                              TI=0;
 158   2                      i2c_write(0xd0,0x05,date[1]);
 159   2                      break;
 160   2      case 'y':
 161   2                      TI=1;
 162   2                      printf("enter current year:");
 163   2              
 164   2                      scanf("%d",&date[2]);
 165   2                              TI=0;
 166   2                      i2c_write(0xd0,0x06,date[2]);
 167   2                      break;
 168   2      case 'a':
 169   2                      TI=1;
 170   2                      printf("choose between 1 to 7: as 1 for monday:-");
 171   2                      printf("enter current day:");
 172   2                      TI=0;
 173   2                      scanf("%d",&date[0]);
 174   2                      i2c_write(0xd0,0x03,date[0]);
 175   2                      break;
 176   2      default: ;
 177   2      }
 178   1      
C51 COMPILER V7.08   MAIN                                                                  10/06/2015 13:28:29 PAGE 4   

 179   1      //}
 180   1      }


MODULE INFORMATION:   STATIC OVERLAYABLE
   CODE SIZE        =    931    ----
   CONSTANT SIZE    =    459    ----
   XDATA SIZE       =   ----    ----
   PDATA SIZE       =   ----    ----
   DATA SIZE        =     12       7
   IDATA SIZE       =   ----    ----
   BIT SIZE         =   ----    ----
END OF MODULE INFORMATION.


C51 COMPILATION COMPLETE.  0 WARNING(S),  0 ERROR(S)
